// Jest Snapshot v1, https://goo.gl/fbAQLP

exports[`Navbar Component should render correctly 1`] = `
ShallowWrapper {
  Symbol(enzyme.__root__): [Circular],
  Symbol(enzyme.__unrendered__): <Navbar />,
  Symbol(enzyme.__renderer__): Object {
    "batchedUpdates": [Function],
    "checkPropTypes": [Function],
    "getNode": [Function],
    "render": [Function],
    "simulateError": [Function],
    "simulateEvent": [Function],
    "unmount": [Function],
  },
  Symbol(enzyme.__node__): Object {
    "instance": null,
    "key": undefined,
    "nodeType": "class",
    "props": Object {
      "alignContent": "space-between",
      "alignItems": "center",
      "children": Array [
        <WithStyles(Grid)
          item={true}
          xs={1}
        />,
        <WithStyles(Grid)
          item={true}
          xs={3}
        >
          <NavbarLink
            to="/"
          >
            <h1>
              Megan & Randy
            </h1>
          </NavbarLink>
        </WithStyles(Grid)>,
        <WithStyles(Grid)
          item={true}
          xs={8}
        >
          <NavbarLinkMenu>
            Their Story
          </NavbarLinkMenu>
          <NavbarLink
            to="/ceremony"
          >
            Ceremony
          </NavbarLink>
          <NavbarLink
            to="/reception"
          >
            Reception
          </NavbarLink>
          <NavbarLink
            to="/registry"
          >
            Registry
          </NavbarLink>
          <NavbarLink
            to="/guestbook"
          >
            Guestbook
          </NavbarLink>
          <NavbarLink
            to="/contactus"
          >
            Contact Us
          </NavbarLink>
        </WithStyles(Grid)>,
      ],
      "container": true,
      "direction": "row",
      "justify": "space-around",
    },
    "ref": null,
    "rendered": Array [
      Object {
        "instance": null,
        "key": undefined,
        "nodeType": "class",
        "props": Object {
          "item": true,
          "xs": 1,
        },
        "ref": null,
        "rendered": null,
        "type": [Function],
      },
      Object {
        "instance": null,
        "key": undefined,
        "nodeType": "class",
        "props": Object {
          "children": <NavbarLink
            to="/"
          >
            <h1>
              Megan & Randy
            </h1>
          </NavbarLink>,
          "item": true,
          "xs": 3,
        },
        "ref": null,
        "rendered": Object {
          "instance": null,
          "key": undefined,
          "nodeType": "function",
          "props": Object {
            "children": <h1>
              Megan & Randy
            </h1>,
            "to": "/",
          },
          "ref": null,
          "rendered": Object {
            "instance": null,
            "key": undefined,
            "nodeType": "host",
            "props": Object {
              "children": "Megan & Randy",
            },
            "ref": null,
            "rendered": "Megan & Randy",
            "type": "h1",
          },
          "type": [Function],
        },
        "type": [Function],
      },
      Object {
        "instance": null,
        "key": undefined,
        "nodeType": "class",
        "props": Object {
          "children": Array [
            <NavbarLinkMenu>
              Their Story
            </NavbarLinkMenu>,
            <NavbarLink
              to="/ceremony"
            >
              Ceremony
            </NavbarLink>,
            <NavbarLink
              to="/reception"
            >
              Reception
            </NavbarLink>,
            <NavbarLink
              to="/registry"
            >
              Registry
            </NavbarLink>,
            <NavbarLink
              to="/guestbook"
            >
              Guestbook
            </NavbarLink>,
            <NavbarLink
              to="/contactus"
            >
              Contact Us
            </NavbarLink>,
          ],
          "item": true,
          "xs": 8,
        },
        "ref": null,
        "rendered": Array [
          Object {
            "instance": null,
            "key": undefined,
            "nodeType": "function",
            "props": Object {
              "children": "Their Story",
            },
            "ref": null,
            "rendered": "Their Story",
            "type": [Function],
          },
          Object {
            "instance": null,
            "key": undefined,
            "nodeType": "function",
            "props": Object {
              "children": "Ceremony",
              "to": "/ceremony",
            },
            "ref": null,
            "rendered": "Ceremony",
            "type": [Function],
          },
          Object {
            "instance": null,
            "key": undefined,
            "nodeType": "function",
            "props": Object {
              "children": "Reception",
              "to": "/reception",
            },
            "ref": null,
            "rendered": "Reception",
            "type": [Function],
          },
          Object {
            "instance": null,
            "key": undefined,
            "nodeType": "function",
            "props": Object {
              "children": "Registry",
              "to": "/registry",
            },
            "ref": null,
            "rendered": "Registry",
            "type": [Function],
          },
          Object {
            "instance": null,
            "key": undefined,
            "nodeType": "function",
            "props": Object {
              "children": "Guestbook",
              "to": "/guestbook",
            },
            "ref": null,
            "rendered": "Guestbook",
            "type": [Function],
          },
          Object {
            "instance": null,
            "key": undefined,
            "nodeType": "function",
            "props": Object {
              "children": "Contact Us",
              "to": "/contactus",
            },
            "ref": null,
            "rendered": "Contact Us",
            "type": [Function],
          },
        ],
        "type": [Function],
      },
    ],
    "type": [Function],
  },
  Symbol(enzyme.__nodes__): Array [
    Object {
      "instance": null,
      "key": undefined,
      "nodeType": "class",
      "props": Object {
        "alignContent": "space-between",
        "alignItems": "center",
        "children": Array [
          <WithStyles(Grid)
            item={true}
            xs={1}
          />,
          <WithStyles(Grid)
            item={true}
            xs={3}
          >
            <NavbarLink
              to="/"
            >
              <h1>
                Megan & Randy
              </h1>
            </NavbarLink>
          </WithStyles(Grid)>,
          <WithStyles(Grid)
            item={true}
            xs={8}
          >
            <NavbarLinkMenu>
              Their Story
            </NavbarLinkMenu>
            <NavbarLink
              to="/ceremony"
            >
              Ceremony
            </NavbarLink>
            <NavbarLink
              to="/reception"
            >
              Reception
            </NavbarLink>
            <NavbarLink
              to="/registry"
            >
              Registry
            </NavbarLink>
            <NavbarLink
              to="/guestbook"
            >
              Guestbook
            </NavbarLink>
            <NavbarLink
              to="/contactus"
            >
              Contact Us
            </NavbarLink>
          </WithStyles(Grid)>,
        ],
        "container": true,
        "direction": "row",
        "justify": "space-around",
      },
      "ref": null,
      "rendered": Array [
        Object {
          "instance": null,
          "key": undefined,
          "nodeType": "class",
          "props": Object {
            "item": true,
            "xs": 1,
          },
          "ref": null,
          "rendered": null,
          "type": [Function],
        },
        Object {
          "instance": null,
          "key": undefined,
          "nodeType": "class",
          "props": Object {
            "children": <NavbarLink
              to="/"
            >
              <h1>
                Megan & Randy
              </h1>
            </NavbarLink>,
            "item": true,
            "xs": 3,
          },
          "ref": null,
          "rendered": Object {
            "instance": null,
            "key": undefined,
            "nodeType": "function",
            "props": Object {
              "children": <h1>
                Megan & Randy
              </h1>,
              "to": "/",
            },
            "ref": null,
            "rendered": Object {
              "instance": null,
              "key": undefined,
              "nodeType": "host",
              "props": Object {
                "children": "Megan & Randy",
              },
              "ref": null,
              "rendered": "Megan & Randy",
              "type": "h1",
            },
            "type": [Function],
          },
          "type": [Function],
        },
        Object {
          "instance": null,
          "key": undefined,
          "nodeType": "class",
          "props": Object {
            "children": Array [
              <NavbarLinkMenu>
                Their Story
              </NavbarLinkMenu>,
              <NavbarLink
                to="/ceremony"
              >
                Ceremony
              </NavbarLink>,
              <NavbarLink
                to="/reception"
              >
                Reception
              </NavbarLink>,
              <NavbarLink
                to="/registry"
              >
                Registry
              </NavbarLink>,
              <NavbarLink
                to="/guestbook"
              >
                Guestbook
              </NavbarLink>,
              <NavbarLink
                to="/contactus"
              >
                Contact Us
              </NavbarLink>,
            ],
            "item": true,
            "xs": 8,
          },
          "ref": null,
          "rendered": Array [
            Object {
              "instance": null,
              "key": undefined,
              "nodeType": "function",
              "props": Object {
                "children": "Their Story",
              },
              "ref": null,
              "rendered": "Their Story",
              "type": [Function],
            },
            Object {
              "instance": null,
              "key": undefined,
              "nodeType": "function",
              "props": Object {
                "children": "Ceremony",
                "to": "/ceremony",
              },
              "ref": null,
              "rendered": "Ceremony",
              "type": [Function],
            },
            Object {
              "instance": null,
              "key": undefined,
              "nodeType": "function",
              "props": Object {
                "children": "Reception",
                "to": "/reception",
              },
              "ref": null,
              "rendered": "Reception",
              "type": [Function],
            },
            Object {
              "instance": null,
              "key": undefined,
              "nodeType": "function",
              "props": Object {
                "children": "Registry",
                "to": "/registry",
              },
              "ref": null,
              "rendered": "Registry",
              "type": [Function],
            },
            Object {
              "instance": null,
              "key": undefined,
              "nodeType": "function",
              "props": Object {
                "children": "Guestbook",
                "to": "/guestbook",
              },
              "ref": null,
              "rendered": "Guestbook",
              "type": [Function],
            },
            Object {
              "instance": null,
              "key": undefined,
              "nodeType": "function",
              "props": Object {
                "children": "Contact Us",
                "to": "/contactus",
              },
              "ref": null,
              "rendered": "Contact Us",
              "type": [Function],
            },
          ],
          "type": [Function],
        },
      ],
      "type": [Function],
    },
  ],
  Symbol(enzyme.__options__): Object {
    "adapter": ReactSixteenAdapter {
      "options": Object {
        "enableComponentDidUpdateOnSetState": true,
        "legacyContextMode": "parent",
        "lifecycles": Object {
          "componentDidUpdate": Object {
            "onSetState": true,
          },
          "getChildContext": Object {
            "calledByRenderer": false,
          },
          "getDerivedStateFromProps": Object {
            "hasShouldComponentUpdateBug": false,
          },
          "getSnapshotBeforeUpdate": true,
          "setState": Object {
            "skipsComponentDidUpdateOnNullish": true,
          },
        },
      },
    },
  },
}
`;
