// Jest Snapshot v1, https://goo.gl/fbAQLP

exports[`Navbar Component should render correctly 1`] = `
<WithStyles(Grid)
  alignContent="space-between"
  alignItems="center"
  container={true}
  direction="row"
  justify="space-around"
>
  <WithStyles(Grid)
    item={true}
    xs={1}
  />
  <WithStyles(Grid)
    item={true}
    xs={3}
  >
    <NavbarLink
      to="/"
    >
      <h1>
        Megan & Randy
      </h1>
    </NavbarLink>
  </WithStyles(Grid)>
  <WithStyles(Grid)
    item={true}
    xs={8}
  >
    <NavbarLinkMenu>
      Their Story
    </NavbarLinkMenu>
    <NavbarLink
      to="/ceremony"
    >
      Ceremony
    </NavbarLink>
    <NavbarLink
      to="/reception"
    >
      Reception
    </NavbarLink>
    <NavbarLink
      to="/registry"
    >
      Registry
    </NavbarLink>
    <NavbarLink
      to="/guestbook"
    >
      Guestbook
    </NavbarLink>
    <NavbarLink
      to="/contactus"
    >
      Contact Us
    </NavbarLink>
  </WithStyles(Grid)>
</WithStyles(Grid)>
`;
