// Jest Snapshot v1, https://goo.gl/fbAQLP

exports[`TheirStory Page should render correctly 1`] = `
ShallowWrapper {
  Symbol(enzyme.__root__): [Circular],
  Symbol(enzyme.__unrendered__): <TheirStory />,
  Symbol(enzyme.__renderer__): Object {
    "batchedUpdates": [Function],
    "checkPropTypes": [Function],
    "getNode": [Function],
    "render": [Function],
    "simulateError": [Function],
    "simulateEvent": [Function],
    "unmount": [Function],
  },
  Symbol(enzyme.__node__): Object {
    "instance": null,
    "key": undefined,
    "nodeType": "host",
    "props": Object {
      "children": <WithStyles(Grid)
        alignItems="center"
        container={true}
        direction="column"
      >
        <br />
        <WithStyles(MeganCard) />
        <br />
        <WithStyles(RandyCard) />
        <br />
        <WithStyles(Grid)
          alignItems="center"
          container={true}
          direction="column"
        >
          <WithStyles(Grid)
            item={true}
          >
            <Image
              cloudName="tonythetiger323"
              publicId="MayThe4thBeRusso/Their Story Page/IMG_0006.jpg"
            >
              <Transformation
                crop="scale"
                height="500"
              />
            </Image>
          </WithStyles(Grid)>
          <WithStyles(Grid)
            item={true}
          >
            <WithStyles(Card)>
              <WithStyles(CardContent)>
                <WithStyles(Typography)
                  align="center"
                  variant="body1"
                >
                  If you didn't already guess it, Megan said yes. Megan and Randy will be getting married on May 4th, 2019 in Hawaii. They are so excited to tie the knot and start the next chapter of their life together.
                </WithStyles(Typography)>
                <WithStyles(Typography)
                  align="center"
                  variant="body1"
                >
                  Thank you for visiting our site.
                </WithStyles(Typography)>
              </WithStyles(CardContent)>
            </WithStyles(Card)>
          </WithStyles(Grid)>
        </WithStyles(Grid)>
      </WithStyles(Grid)>,
    },
    "ref": null,
    "rendered": Object {
      "instance": null,
      "key": undefined,
      "nodeType": "class",
      "props": Object {
        "alignItems": "center",
        "children": Array [
          <br />,
          <WithStyles(MeganCard) />,
          <br />,
          <WithStyles(RandyCard) />,
          <br />,
          <WithStyles(Grid)
            alignItems="center"
            container={true}
            direction="column"
          >
            <WithStyles(Grid)
              item={true}
            >
              <Image
                cloudName="tonythetiger323"
                publicId="MayThe4thBeRusso/Their Story Page/IMG_0006.jpg"
              >
                <Transformation
                  crop="scale"
                  height="500"
                />
              </Image>
            </WithStyles(Grid)>
            <WithStyles(Grid)
              item={true}
            >
              <WithStyles(Card)>
                <WithStyles(CardContent)>
                  <WithStyles(Typography)
                    align="center"
                    variant="body1"
                  >
                    If you didn't already guess it, Megan said yes. Megan and Randy will be getting married on May 4th, 2019 in Hawaii. They are so excited to tie the knot and start the next chapter of their life together.
                  </WithStyles(Typography)>
                  <WithStyles(Typography)
                    align="center"
                    variant="body1"
                  >
                    Thank you for visiting our site.
                  </WithStyles(Typography)>
                </WithStyles(CardContent)>
              </WithStyles(Card)>
            </WithStyles(Grid)>
          </WithStyles(Grid)>,
        ],
        "container": true,
        "direction": "column",
      },
      "ref": null,
      "rendered": Array [
        Object {
          "instance": null,
          "key": undefined,
          "nodeType": "host",
          "props": Object {},
          "ref": null,
          "rendered": null,
          "type": "br",
        },
        Object {
          "instance": null,
          "key": undefined,
          "nodeType": "class",
          "props": Object {},
          "ref": null,
          "rendered": null,
          "type": [Function],
        },
        Object {
          "instance": null,
          "key": undefined,
          "nodeType": "host",
          "props": Object {},
          "ref": null,
          "rendered": null,
          "type": "br",
        },
        Object {
          "instance": null,
          "key": undefined,
          "nodeType": "class",
          "props": Object {},
          "ref": null,
          "rendered": null,
          "type": [Function],
        },
        Object {
          "instance": null,
          "key": undefined,
          "nodeType": "host",
          "props": Object {},
          "ref": null,
          "rendered": null,
          "type": "br",
        },
        Object {
          "instance": null,
          "key": undefined,
          "nodeType": "class",
          "props": Object {
            "alignItems": "center",
            "children": Array [
              <WithStyles(Grid)
                item={true}
              >
                <Image
                  cloudName="tonythetiger323"
                  publicId="MayThe4thBeRusso/Their Story Page/IMG_0006.jpg"
                >
                  <Transformation
                    crop="scale"
                    height="500"
                  />
                </Image>
              </WithStyles(Grid)>,
              <WithStyles(Grid)
                item={true}
              >
                <WithStyles(Card)>
                  <WithStyles(CardContent)>
                    <WithStyles(Typography)
                      align="center"
                      variant="body1"
                    >
                      If you didn't already guess it, Megan said yes. Megan and Randy will be getting married on May 4th, 2019 in Hawaii. They are so excited to tie the knot and start the next chapter of their life together.
                    </WithStyles(Typography)>
                    <WithStyles(Typography)
                      align="center"
                      variant="body1"
                    >
                      Thank you for visiting our site.
                    </WithStyles(Typography)>
                  </WithStyles(CardContent)>
                </WithStyles(Card)>
              </WithStyles(Grid)>,
            ],
            "container": true,
            "direction": "column",
          },
          "ref": null,
          "rendered": Array [
            Object {
              "instance": null,
              "key": undefined,
              "nodeType": "class",
              "props": Object {
                "children": <Image
                  cloudName="tonythetiger323"
                  publicId="MayThe4thBeRusso/Their Story Page/IMG_0006.jpg"
                >
                  <Transformation
                    crop="scale"
                    height="500"
                  />
                </Image>,
                "item": true,
              },
              "ref": null,
              "rendered": Object {
                "instance": null,
                "key": undefined,
                "nodeType": "class",
                "props": Object {
                  "children": <Transformation
                    crop="scale"
                    height="500"
                  />,
                  "cloudName": "tonythetiger323",
                  "publicId": "MayThe4thBeRusso/Their Story Page/IMG_0006.jpg",
                },
                "ref": null,
                "rendered": Object {
                  "instance": null,
                  "key": undefined,
                  "nodeType": "class",
                  "props": Object {
                    "crop": "scale",
                    "height": "500",
                  },
                  "ref": null,
                  "rendered": null,
                  "type": [Function],
                },
                "type": [Function],
              },
              "type": [Function],
            },
            Object {
              "instance": null,
              "key": undefined,
              "nodeType": "class",
              "props": Object {
                "children": <WithStyles(Card)>
                  <WithStyles(CardContent)>
                    <WithStyles(Typography)
                      align="center"
                      variant="body1"
                    >
                      If you didn't already guess it, Megan said yes. Megan and Randy will be getting married on May 4th, 2019 in Hawaii. They are so excited to tie the knot and start the next chapter of their life together.
                    </WithStyles(Typography)>
                    <WithStyles(Typography)
                      align="center"
                      variant="body1"
                    >
                      Thank you for visiting our site.
                    </WithStyles(Typography)>
                  </WithStyles(CardContent)>
                </WithStyles(Card)>,
                "item": true,
              },
              "ref": null,
              "rendered": Object {
                "instance": null,
                "key": undefined,
                "nodeType": "class",
                "props": Object {
                  "children": <WithStyles(CardContent)>
                    <WithStyles(Typography)
                      align="center"
                      variant="body1"
                    >
                      If you didn't already guess it, Megan said yes. Megan and Randy will be getting married on May 4th, 2019 in Hawaii. They are so excited to tie the knot and start the next chapter of their life together.
                    </WithStyles(Typography)>
                    <WithStyles(Typography)
                      align="center"
                      variant="body1"
                    >
                      Thank you for visiting our site.
                    </WithStyles(Typography)>
                  </WithStyles(CardContent)>,
                },
                "ref": null,
                "rendered": Object {
                  "instance": null,
                  "key": undefined,
                  "nodeType": "class",
                  "props": Object {
                    "children": Array [
                      <WithStyles(Typography)
                        align="center"
                        variant="body1"
                      >
                        If you didn't already guess it, Megan said yes. Megan and Randy will be getting married on May 4th, 2019 in Hawaii. They are so excited to tie the knot and start the next chapter of their life together.
                      </WithStyles(Typography)>,
                      <WithStyles(Typography)
                        align="center"
                        variant="body1"
                      >
                        Thank you for visiting our site.
                      </WithStyles(Typography)>,
                    ],
                  },
                  "ref": null,
                  "rendered": Array [
                    Object {
                      "instance": null,
                      "key": undefined,
                      "nodeType": "class",
                      "props": Object {
                        "align": "center",
                        "children": "If you didn't already guess it, Megan said yes. Megan and Randy will be getting married on May 4th, 2019 in Hawaii. They are so excited to tie the knot and start the next chapter of their life together.",
                        "variant": "body1",
                      },
                      "ref": null,
                      "rendered": "If you didn't already guess it, Megan said yes. Megan and Randy will be getting married on May 4th, 2019 in Hawaii. They are so excited to tie the knot and start the next chapter of their life together.",
                      "type": [Function],
                    },
                    Object {
                      "instance": null,
                      "key": undefined,
                      "nodeType": "class",
                      "props": Object {
                        "align": "center",
                        "children": "Thank you for visiting our site.",
                        "variant": "body1",
                      },
                      "ref": null,
                      "rendered": "Thank you for visiting our site.",
                      "type": [Function],
                    },
                  ],
                  "type": [Function],
                },
                "type": [Function],
              },
              "type": [Function],
            },
          ],
          "type": [Function],
        },
      ],
      "type": [Function],
    },
    "type": "div",
  },
  Symbol(enzyme.__nodes__): Array [
    Object {
      "instance": null,
      "key": undefined,
      "nodeType": "host",
      "props": Object {
        "children": <WithStyles(Grid)
          alignItems="center"
          container={true}
          direction="column"
        >
          <br />
          <WithStyles(MeganCard) />
          <br />
          <WithStyles(RandyCard) />
          <br />
          <WithStyles(Grid)
            alignItems="center"
            container={true}
            direction="column"
          >
            <WithStyles(Grid)
              item={true}
            >
              <Image
                cloudName="tonythetiger323"
                publicId="MayThe4thBeRusso/Their Story Page/IMG_0006.jpg"
              >
                <Transformation
                  crop="scale"
                  height="500"
                />
              </Image>
            </WithStyles(Grid)>
            <WithStyles(Grid)
              item={true}
            >
              <WithStyles(Card)>
                <WithStyles(CardContent)>
                  <WithStyles(Typography)
                    align="center"
                    variant="body1"
                  >
                    If you didn't already guess it, Megan said yes. Megan and Randy will be getting married on May 4th, 2019 in Hawaii. They are so excited to tie the knot and start the next chapter of their life together.
                  </WithStyles(Typography)>
                  <WithStyles(Typography)
                    align="center"
                    variant="body1"
                  >
                    Thank you for visiting our site.
                  </WithStyles(Typography)>
                </WithStyles(CardContent)>
              </WithStyles(Card)>
            </WithStyles(Grid)>
          </WithStyles(Grid)>
        </WithStyles(Grid)>,
      },
      "ref": null,
      "rendered": Object {
        "instance": null,
        "key": undefined,
        "nodeType": "class",
        "props": Object {
          "alignItems": "center",
          "children": Array [
            <br />,
            <WithStyles(MeganCard) />,
            <br />,
            <WithStyles(RandyCard) />,
            <br />,
            <WithStyles(Grid)
              alignItems="center"
              container={true}
              direction="column"
            >
              <WithStyles(Grid)
                item={true}
              >
                <Image
                  cloudName="tonythetiger323"
                  publicId="MayThe4thBeRusso/Their Story Page/IMG_0006.jpg"
                >
                  <Transformation
                    crop="scale"
                    height="500"
                  />
                </Image>
              </WithStyles(Grid)>
              <WithStyles(Grid)
                item={true}
              >
                <WithStyles(Card)>
                  <WithStyles(CardContent)>
                    <WithStyles(Typography)
                      align="center"
                      variant="body1"
                    >
                      If you didn't already guess it, Megan said yes. Megan and Randy will be getting married on May 4th, 2019 in Hawaii. They are so excited to tie the knot and start the next chapter of their life together.
                    </WithStyles(Typography)>
                    <WithStyles(Typography)
                      align="center"
                      variant="body1"
                    >
                      Thank you for visiting our site.
                    </WithStyles(Typography)>
                  </WithStyles(CardContent)>
                </WithStyles(Card)>
              </WithStyles(Grid)>
            </WithStyles(Grid)>,
          ],
          "container": true,
          "direction": "column",
        },
        "ref": null,
        "rendered": Array [
          Object {
            "instance": null,
            "key": undefined,
            "nodeType": "host",
            "props": Object {},
            "ref": null,
            "rendered": null,
            "type": "br",
          },
          Object {
            "instance": null,
            "key": undefined,
            "nodeType": "class",
            "props": Object {},
            "ref": null,
            "rendered": null,
            "type": [Function],
          },
          Object {
            "instance": null,
            "key": undefined,
            "nodeType": "host",
            "props": Object {},
            "ref": null,
            "rendered": null,
            "type": "br",
          },
          Object {
            "instance": null,
            "key": undefined,
            "nodeType": "class",
            "props": Object {},
            "ref": null,
            "rendered": null,
            "type": [Function],
          },
          Object {
            "instance": null,
            "key": undefined,
            "nodeType": "host",
            "props": Object {},
            "ref": null,
            "rendered": null,
            "type": "br",
          },
          Object {
            "instance": null,
            "key": undefined,
            "nodeType": "class",
            "props": Object {
              "alignItems": "center",
              "children": Array [
                <WithStyles(Grid)
                  item={true}
                >
                  <Image
                    cloudName="tonythetiger323"
                    publicId="MayThe4thBeRusso/Their Story Page/IMG_0006.jpg"
                  >
                    <Transformation
                      crop="scale"
                      height="500"
                    />
                  </Image>
                </WithStyles(Grid)>,
                <WithStyles(Grid)
                  item={true}
                >
                  <WithStyles(Card)>
                    <WithStyles(CardContent)>
                      <WithStyles(Typography)
                        align="center"
                        variant="body1"
                      >
                        If you didn't already guess it, Megan said yes. Megan and Randy will be getting married on May 4th, 2019 in Hawaii. They are so excited to tie the knot and start the next chapter of their life together.
                      </WithStyles(Typography)>
                      <WithStyles(Typography)
                        align="center"
                        variant="body1"
                      >
                        Thank you for visiting our site.
                      </WithStyles(Typography)>
                    </WithStyles(CardContent)>
                  </WithStyles(Card)>
                </WithStyles(Grid)>,
              ],
              "container": true,
              "direction": "column",
            },
            "ref": null,
            "rendered": Array [
              Object {
                "instance": null,
                "key": undefined,
                "nodeType": "class",
                "props": Object {
                  "children": <Image
                    cloudName="tonythetiger323"
                    publicId="MayThe4thBeRusso/Their Story Page/IMG_0006.jpg"
                  >
                    <Transformation
                      crop="scale"
                      height="500"
                    />
                  </Image>,
                  "item": true,
                },
                "ref": null,
                "rendered": Object {
                  "instance": null,
                  "key": undefined,
                  "nodeType": "class",
                  "props": Object {
                    "children": <Transformation
                      crop="scale"
                      height="500"
                    />,
                    "cloudName": "tonythetiger323",
                    "publicId": "MayThe4thBeRusso/Their Story Page/IMG_0006.jpg",
                  },
                  "ref": null,
                  "rendered": Object {
                    "instance": null,
                    "key": undefined,
                    "nodeType": "class",
                    "props": Object {
                      "crop": "scale",
                      "height": "500",
                    },
                    "ref": null,
                    "rendered": null,
                    "type": [Function],
                  },
                  "type": [Function],
                },
                "type": [Function],
              },
              Object {
                "instance": null,
                "key": undefined,
                "nodeType": "class",
                "props": Object {
                  "children": <WithStyles(Card)>
                    <WithStyles(CardContent)>
                      <WithStyles(Typography)
                        align="center"
                        variant="body1"
                      >
                        If you didn't already guess it, Megan said yes. Megan and Randy will be getting married on May 4th, 2019 in Hawaii. They are so excited to tie the knot and start the next chapter of their life together.
                      </WithStyles(Typography)>
                      <WithStyles(Typography)
                        align="center"
                        variant="body1"
                      >
                        Thank you for visiting our site.
                      </WithStyles(Typography)>
                    </WithStyles(CardContent)>
                  </WithStyles(Card)>,
                  "item": true,
                },
                "ref": null,
                "rendered": Object {
                  "instance": null,
                  "key": undefined,
                  "nodeType": "class",
                  "props": Object {
                    "children": <WithStyles(CardContent)>
                      <WithStyles(Typography)
                        align="center"
                        variant="body1"
                      >
                        If you didn't already guess it, Megan said yes. Megan and Randy will be getting married on May 4th, 2019 in Hawaii. They are so excited to tie the knot and start the next chapter of their life together.
                      </WithStyles(Typography)>
                      <WithStyles(Typography)
                        align="center"
                        variant="body1"
                      >
                        Thank you for visiting our site.
                      </WithStyles(Typography)>
                    </WithStyles(CardContent)>,
                  },
                  "ref": null,
                  "rendered": Object {
                    "instance": null,
                    "key": undefined,
                    "nodeType": "class",
                    "props": Object {
                      "children": Array [
                        <WithStyles(Typography)
                          align="center"
                          variant="body1"
                        >
                          If you didn't already guess it, Megan said yes. Megan and Randy will be getting married on May 4th, 2019 in Hawaii. They are so excited to tie the knot and start the next chapter of their life together.
                        </WithStyles(Typography)>,
                        <WithStyles(Typography)
                          align="center"
                          variant="body1"
                        >
                          Thank you for visiting our site.
                        </WithStyles(Typography)>,
                      ],
                    },
                    "ref": null,
                    "rendered": Array [
                      Object {
                        "instance": null,
                        "key": undefined,
                        "nodeType": "class",
                        "props": Object {
                          "align": "center",
                          "children": "If you didn't already guess it, Megan said yes. Megan and Randy will be getting married on May 4th, 2019 in Hawaii. They are so excited to tie the knot and start the next chapter of their life together.",
                          "variant": "body1",
                        },
                        "ref": null,
                        "rendered": "If you didn't already guess it, Megan said yes. Megan and Randy will be getting married on May 4th, 2019 in Hawaii. They are so excited to tie the knot and start the next chapter of their life together.",
                        "type": [Function],
                      },
                      Object {
                        "instance": null,
                        "key": undefined,
                        "nodeType": "class",
                        "props": Object {
                          "align": "center",
                          "children": "Thank you for visiting our site.",
                          "variant": "body1",
                        },
                        "ref": null,
                        "rendered": "Thank you for visiting our site.",
                        "type": [Function],
                      },
                    ],
                    "type": [Function],
                  },
                  "type": [Function],
                },
                "type": [Function],
              },
            ],
            "type": [Function],
          },
        ],
        "type": [Function],
      },
      "type": "div",
    },
  ],
  Symbol(enzyme.__options__): Object {
    "adapter": ReactSixteenAdapter {
      "options": Object {
        "enableComponentDidUpdateOnSetState": true,
        "legacyContextMode": "parent",
        "lifecycles": Object {
          "componentDidUpdate": Object {
            "onSetState": true,
          },
          "getChildContext": Object {
            "calledByRenderer": false,
          },
          "getDerivedStateFromError": true,
          "getDerivedStateFromProps": Object {
            "hasShouldComponentUpdateBug": false,
          },
          "getSnapshotBeforeUpdate": true,
          "setState": Object {
            "skipsComponentDidUpdateOnNullish": true,
          },
        },
      },
    },
  },
}
`;
